2026-01-02 06:00:33,163 - INFO - Starting sync_github.py script...
2026-01-02 06:00:33,163 - INFO - Starting main function...
2026-01-02 06:00:33,164 - INFO - Initializing GitHubSyncTool...
2026-01-02 06:01:10,427 - INFO - Starting sync_to_github function...
2026-01-02 06:01:10,427 - INFO - Checking if the directory is a git repository...
2026-01-02 06:01:10,459 - INFO - Directory is a git repository.
2026-01-02 06:09:39,388 - INFO - User cancelled sync due to .gitignore review.
2026-01-02 06:09:39,389 - INFO - Sync cancelled by user.
2026-01-02 06:09:43,945 - INFO - Exiting GitHub Sync Tool.
2026-01-02 06:09:46,972 - INFO - Starting sync_github. py script...
2026-01-02 06:09:46,973 - INFO - Starting main function...
2026-01-02 06:09:46,973 - INFO - Initializing GitHubSyncTool...
2026-01-02 06:12:33,149 - INFO - User edited .gitignore with system editor
2026-01-02 06:12:33,149 - INFO - ✓ .gitignore edited successfully
2026-01-02 06:14:01,713 - INFO - Starting sync_to_github function...
2026-01-02 06:14:01,713 - INFO - Checking if the directory is a git repository...
2026-01-02 06:14:01,743 - INFO - Directory is a git repository.
2026-01-02 06:14:17,773 - INFO - User selected target branch: feature/agent-output
2026-01-02 06:14:17,773 - INFO - Stashing uncommitted changes...
2026-01-02 06:14:17,843 - INFO - Switching to 'feature/agent-output' branch...
2026-01-02 06:14:17,843 - INFO - Switching to branch 'feature/agent-output'...
2026-01-02 06:14:17,880 - INFO - Switched to branch 'feature/agent-output'
2026-01-02 06:14:17,881 - INFO - Reapplying stashed changes...
2026-01-02 06:14:17,924 - INFO - Skipping testing (manual workflow)...
2026-01-02 06:14:17,924 - INFO - Staging all changes...
